// Jest Snapshot v1, https://goo.gl/fbAQLP

exports[`Menu component renders properly - ios 1`] = `
<View
  style={
    Object {
      "alignItems": "center",
      "backgroundColor": "#F5FCFF",
      "borderBottomWidth": 1,
      "borderColor": "#ccc",
      "flexDirection": "row",
      "height": 70,
      "justifyContent": "space-around",
    }
  }
>
  <View
    accessibilityComponentType={undefined}
    accessibilityLabel={undefined}
    accessibilityTraits={undefined}
    accessible={true}
    hasTVPreferredFocus={undefined}
    hitSlop={undefined}
    isTVSelectable={true}
    nativeID={undefined}
    onLayout={undefined}
    onResponderGrant={[Function]}
    onResponderMove={[Function]}
    onResponderRelease={[Function]}
    onResponderTerminate={[Function]}
    onResponderTerminationRequest={[Function]}
    onStartShouldSetResponder={[Function]}
    style={
      Object {
        "backgroundColor": "transparent",
        "height": 20,
        "margin": 2,
        "marginTop": 10,
      }
    }
    testID={undefined}
    tvParallaxProperties={undefined}
  >
    <Text
      accessible={true}
      allowFontScaling={true}
      ellipsizeMode="tail"
      style={
        Object {
          "color": "#04f",
          "fontSize": 16,
        }
      }
    >
      Home
    </Text>
  </View>
  <View
    accessibilityComponentType={undefined}
    accessibilityLabel={undefined}
    accessibilityTraits={undefined}
    accessible={true}
    hasTVPreferredFocus={undefined}
    hitSlop={undefined}
    isTVSelectable={true}
    nativeID={undefined}
    onLayout={undefined}
    onResponderGrant={[Function]}
    onResponderMove={[Function]}
    onResponderRelease={[Function]}
    onResponderTerminate={[Function]}
    onResponderTerminationRequest={[Function]}
    onStartShouldSetResponder={[Function]}
    style={
      Object {
        "backgroundColor": "transparent",
        "height": 20,
        "margin": 2,
        "marginTop": 10,
      }
    }
    testID={undefined}
    tvParallaxProperties={undefined}
  >
    <Text
      accessible={true}
      allowFontScaling={true}
      ellipsizeMode="tail"
      style={
        Object {
          "color": "#04f",
          "fontSize": 16,
        }
      }
    >
      About
    </Text>
  </View>
  <View
    accessibilityComponentType={undefined}
    accessibilityLabel={undefined}
    accessibilityTraits={undefined}
    accessible={true}
    hasTVPreferredFocus={undefined}
    hitSlop={undefined}
    isTVSelectable={true}
    nativeID={undefined}
    onLayout={undefined}
    onResponderGrant={[Function]}
    onResponderMove={[Function]}
    onResponderRelease={[Function]}
    onResponderTerminate={[Function]}
    onResponderTerminationRequest={[Function]}
    onStartShouldSetResponder={[Function]}
    style={
      Object {
        "backgroundColor": "transparent",
        "height": 20,
        "margin": 2,
        "marginTop": 10,
      }
    }
    testID={undefined}
    tvParallaxProperties={undefined}
  >
    <Text
      accessible={true}
      allowFontScaling={true}
      ellipsizeMode="tail"
      style={
        Object {
          "color": "#04f",
          "fontSize": 16,
        }
      }
    >
      Contact
    </Text>
  </View>
  <View
    isLocalePicker={true}
  />
</View>
`;
