// Jest Snapshot v1, https://goo.gl/fbAQLP

exports[`About page render properly - ios 1`] = `
<View
  style={
    Object {
      "alignItems": "center",
      "backgroundColor": "#F5FCFF",
      "flex": 1,
      "justifyContent": "center",
    }
  }
>
  <Text
    accessible={true}
    allowFontScaling={true}
    ellipsizeMode="tail"
  >
    About Page
  </Text>
</View>
`;
