// Jest Snapshot v1, https://goo.gl/fbAQLP

exports[`Link component render properly - ios 1`] = `
<View
  accessibilityComponentType={undefined}
  accessibilityLabel={undefined}
  accessibilityTraits={undefined}
  accessible={true}
  hasTVPreferredFocus={undefined}
  hitSlop={undefined}
  isTVSelectable={true}
  nativeID={undefined}
  onLayout={undefined}
  onResponderGrant={[Function]}
  onResponderMove={[Function]}
  onResponderRelease={[Function]}
  onResponderTerminate={[Function]}
  onResponderTerminationRequest={[Function]}
  onStartShouldSetResponder={[Function]}
  style={
    Object {
      "backgroundColor": "transparent",
      "cursor": "pointer",
    }
  }
  testID={undefined}
  tvParallaxProperties={undefined}
>
  <Text
    accessible={true}
    allowFontScaling={true}
    ellipsizeMode="tail"
    style={
      Object {
        "appearance": "none",
        "backgroundColor": "transparent",
        "color": "inherit",
        "font": "inherit",
        "textAlign": "inherit",
      }
    }
  >
    Test Link
  </Text>
</View>
`;
